[INFO] Scanning for projects...
[INFO] ------------------------------------------------------------------------
[INFO] Reactor Build Order:
[INFO] 
[INFO] JEECG BOOT 3.8.2                                                   [pom]
[INFO] jeecg-boot-base-core                                               [jar]
[INFO] jeecg-module-system                                                [pom]
[INFO] jeecg-system-api                                                   [pom]
[INFO] jeecg-system-local-api                                             [jar]
[INFO] jeecg-system-cloud-api                                             [jar]
[INFO] jeecg-boot-module                                                  [pom]
[INFO] jeecg-boot-module-airag                                            [jar]
[INFO] jeecg-system-biz                                                   [jar]
[INFO] jeecg-module-demo                                                  [jar]
[INFO] jeecg-system-start                                                 [jar]
[INFO] 
[INFO] -------------< org.jeecgframework.boot:jeecg-boot-parent >--------------
[INFO] Building JEECG BOOT 3.8.2 3.8.2                                   [1/11]
[INFO]   from pom.xml
[INFO] --------------------------------[ pom ]---------------------------------
[INFO] 
[INFO] --- clean:3.2.0:clean (default-clean) @ jeecg-boot-parent ---
[INFO] 
[INFO] --- install:2.5.2:install (default-install) @ jeecg-boot-parent ---
[INFO] Installing E:\GitProjcetLQ\AIccgLQ\jeecg-boot\pom.xml to C:\Users\LQ\.m2\repository\org\jeecgframework\boot\jeecg-boot-parent\3.8.2\jeecg-boot-parent-3.8.2.pom
[INFO] 
[INFO] ------------< org.jeecgframework.boot:jeecg-boot-base-core >------------
[INFO] Building jeecg-boot-base-core 3.8.2                               [2/11]
[INFO]   from jeecg-boot-base-core\pom.xml
[INFO] --------------------------------[ jar ]---------------------------------
[WARNING] Parameter 'propertiesEncoding' is unknown for plugin 'maven-resources-plugin:3.1.0:resources (default-resources)'
[WARNING] Parameter 'propertiesEncoding' is unknown for plugin 'maven-resources-plugin:3.1.0:testResources (default-testResources)'
Terminate batch job (Y/N)? 